2026-07-24T18:10:07.055901+00:00 ======================================================================
2026-07-24T18:10:07.056628+00:00 STEP 1: IMPORT 1.dwg
2026-07-24T18:10:07.057092+00:00 ======================================================================
2026-07-24T18:10:07.062718+00:00   DWG: 626,864 bytes  SHA-256: a5333f3c58ceb98d...  Version: R2000
2026-07-24T18:10:07.281019+00:00   DXF: 2,023,555 bytes  SHA-256: 2c19e2e319330323...  Converter: LibreDWG 0.13.3
2026-07-24T18:10:07.281489+00:00 
======================================================================
2026-07-24T18:10:07.281829+00:00 STEP 2: RECONSTRUCTION
2026-07-24T18:10:07.282150+00:00 ======================================================================
2026-07-24T18:10:08.832729+00:00   Walls: 1087  Doors: 722  Rooms: 1
2026-07-24T18:10:21.518649+00:00 ======================================================================
2026-07-24T18:10:21.519060+00:00 STEP 1: IMPORT 1.dwg
2026-07-24T18:10:21.519388+00:00 ======================================================================
2026-07-24T18:10:21.521760+00:00   DWG: 626,864 bytes  SHA-256: a5333f3c58ceb98d...  Version: R2000
2026-07-24T18:10:21.575100+00:00   DXF: 2,023,555 bytes  SHA-256: 2c19e2e319330323...  Converter: LibreDWG 0.13.3
2026-07-24T18:10:21.575489+00:00 
======================================================================
2026-07-24T18:10:21.577822+00:00 STEP 2: RECONSTRUCTION
2026-07-24T18:10:21.578333+00:00 ======================================================================
2026-07-24T18:10:22.706823+00:00   Walls: 1087  Doors: 722  Rooms: 1
2026-07-24T18:10:23.273279+00:00   Meshes: 17  Triangles: 228  Vertices: 160
2026-07-24T18:10:24.045247+00:00   V1 GLB: 13,160 bytes  SHA-256: 1579f70691d15b41...
2026-07-24T18:10:24.045749+00:00 
======================================================================
2026-07-24T18:10:24.046126+00:00 STEP 3: AI DESIGN — Scandinavian Office
2026-07-24T18:10:24.046688+00:00 ======================================================================
2026-07-24T18:10:24.058331+00:00   V2 GLB: 13,160 bytes  SHA-256: 1579f70691d15b41...
2026-07-24T18:10:24.058655+00:00   Furniture: 30 items  Materials: 3  Lights: 6  Cameras: 10
2026-07-24T18:10:24.058806+00:00 
======================================================================
2026-07-24T18:10:24.058922+00:00 STEP 4-5: BUILD CINEMATIC FROM REAL V2 GLB
2026-07-24T18:10:24.059043+00:00 ======================================================================
2026-07-24T18:10:24.131656+00:00   Cinematic HTML: 12,603 bytes — loads REAL V2 GLB
2026-07-24T18:10:24.132268+00:00 
======================================================================
2026-07-24T18:10:24.132442+00:00 STEP 14: VIDEO EXPORT
2026-07-24T18:10:24.132599+00:00 ======================================================================
