2026-07-29 09:21:08,844 [INFO] MISSION: V5D-PHOTO-PIPELINE-REPO-TEST-001
2026-07-29 09:21:08,844 [INFO] Job ID: eb485d86-ded8-4918-bf70-b39d8e06be1f
2026-07-29 09:21:08,844 [INFO] Project ID: 8c58e56f-86fe-4a7b-9967-d1d3f16a6592
2026-07-29 09:21:08,844 [INFO] Project: PHOTO-ROOM-eb485d86
2026-07-29 09:21:08,844 [INFO] ============================================================
2026-07-29 09:21:08,844 [INFO] STAGE 1: PHOTO INGESTION
2026-07-29 09:21:08,879 [INFO] Source: C:\Users\admin\workspaces\vision-5d\test_data\1.webp
2026-07-29 09:21:08,879 [INFO] Size: 161854 bytes, 1200x1500
2026-07-29 09:21:08,880 [INFO] SHA-256: 3b39eeaa3907409677fa205f13c3bc93f49a1a5f6d4bbec52878df4d76ed8732
2026-07-29 09:21:08,880 [INFO] Copy verified: True
2026-07-29 09:21:08,880 [INFO] ============================================================
2026-07-29 09:21:08,880 [INFO] STAGE 2: PHOTO VALIDATION
2026-07-29 09:21:09,000 [INFO] Validation: PASS
2026-07-29 09:21:09,000 [INFO]   readable_image: True
2026-07-29 09:21:09,000 [INFO]   not_blank: True
2026-07-29 09:21:09,000 [INFO]   pixel_std_dev: 59.308407633645835
2026-07-29 09:21:09,000 [INFO]   not_corrupted: True
2026-07-29 09:21:09,000 [INFO]   dimensions_reasonable: True
2026-07-29 09:21:09,000 [INFO]   valid_photo_format: True
2026-07-29 09:21:09,000 [INFO]   reasonable_file_size: True
2026-07-29 09:21:09,000 [INFO] ============================================================
2026-07-29 09:21:09,002 [INFO] STAGE 3: NVIDIA VISION ADAPTER
2026-07-29 09:21:09,114 [INFO] NVIDIA adapter created for endpoint: https://integrate.api.nvidia.com/v1/chat/completions
2026-07-29 09:21:09,114 [INFO] Model: nvidia/nvlm-d-72b
2026-07-29 09:21:09,114 [INFO] ============================================================
2026-07-29 09:21:09,114 [INFO] STAGE 4: NVIDIA VISION ANALYSIS
2026-07-29 09:21:09,114 [INFO] Calling NVIDIA Vision on: C:\Users\admin\workspaces\vision-5d\storage\projects\photo-room-eb485d86-ded8-4918-bf70-b39d8e06be1f\source\photo_original.webp
2026-07-29 09:21:10,072 [INFO] HTTP Request: POST https://integrate.api.nvidia.com/v1/chat/completions "HTTP/1.1 404 Not Found"
2026-07-29 09:21:10,072 [INFO] API response: status=404, latency=958ms
2026-07-29 09:21:10,074 [INFO] Request ID: 
2026-07-29 09:21:10,074 [ERROR] NVIDIA API call failed: 404 page not found

